// Jest Snapshot v1, https://goo.gl/fbAQLP

exports[`should render a simple homepage 1`] = `
<div>
  <div>
    EA 2022 Kickball Manager
  </div>
</div>
`;
